[    1250ms] [ERROR] Failed to load resource: the server responded with a status of 403 () @ https://www.figma.com/design/HeUb9TGlKXx6zr8HdPYzHf:0
[    2221ms] [LOG] Running frontend commit 81855c2bc7c604648169c4e4333f43579bfa7464 @ https://www.figma.com/design/HeUb9TGlKXx6zr8HdPYzHf:491
[    4858ms] [WARNING] Failed to execute 'postMessage' on 'DOMWindow': The target origin provided ('https://marketing.figma.com') does not match the recipient window's origin ('https://www.figma.com'). @ https://www.figma.com/webpack-artifacts/assets/request_permissions-6d7b08d9954f9fd9.min.js.br:448
[    4859ms] [WARNING] Failed to execute 'postMessage' on 'DOMWindow': The target origin provided ('https://marketing.figma.com') does not match the recipient window's origin ('https://www.figma.com'). @ https://www.figma.com/webpack-artifacts/assets/request_permissions-6d7b08d9954f9fd9.min.js.br:448
[    4859ms] [WARNING] Failed to execute 'postMessage' on 'DOMWindow': The target origin provided ('https://marketing.figma.com') does not match the recipient window's origin ('https://www.figma.com'). @ https://www.figma.com/webpack-artifacts/assets/request_permissions-6d7b08d9954f9fd9.min.js.br:448
[    4863ms] [WARNING] Failed to execute 'postMessage' on 'DOMWindow': The target origin provided ('https://marketing.figma.com') does not match the recipient window's origin ('https://www.figma.com'). @ https://www.figma.com/webpack-artifacts/assets/request_permissions-6d7b08d9954f9fd9.min.js.br:448
[    4863ms] [WARNING] Failed to execute 'postMessage' on 'DOMWindow': The target origin provided ('https://marketing.figma.com') does not match the recipient window's origin ('https://www.figma.com'). @ https://www.figma.com/webpack-artifacts/assets/request_permissions-6d7b08d9954f9fd9.min.js.br:448
[    8664ms] [WARNING] Failed to execute 'postMessage' on 'DOMWindow': The target origin provided ('https://marketing.figma.com') does not match the recipient window's origin ('https://www.figma.com'). @ https://www.figma.com/webpack-artifacts/assets/request_permissions-6d7b08d9954f9fd9.min.js.br:448
[    9849ms] [ERROR] Failed to load resource: net::ERR_CONNECTION_RESET @ https://a.quora.com/qevents.js:0
[    9965ms] [ERROR] Failed to load resource: net::ERR_CONNECTION_RESET @ https://q.quora.com/_/ad/6a1ce7b2b58247218d0562884d66cb7d/pixel?tag=ViewContent&i=gtm&u=https%3A%2F%2Fmarketing.figma.com%2F%3Freferrer%3D%26temp-cache-bust%3D1%26gpc_code%3Dcn_gd:0
[   10105ms] [WARNING] pixel already configured. @ https://pixel.byspotify.com/ping.min.js:0
[   10627ms] [ERROR] Cross-Origin-Opener-Policy policy would block the window.closed call. @ https://www.figma.com/webpack-artifacts/assets/request_permissions-6d7b08d9954f9fd9.min.js.br:455
[   10628ms] [ERROR] Cross-Origin-Opener-Policy policy would block the window.closed call. @ https://www.figma.com/webpack-artifacts/assets/request_permissions-6d7b08d9954f9fd9.min.js.br:455
[   18785ms] [ERROR] Failed to load resource: net::ERR_CONNECTION_RESET @ https://ssl.pstatic.net/melona/libs/gfp-nac-module/synchronizer.js:0
[   20034ms] [ERROR] Cross-Origin-Opener-Policy policy would block the window.closed call. @ https://www.figma.com/webpack-artifacts/assets/request_permissions-6d7b08d9954f9fd9.min.js.br:455
[   20034ms] [ERROR] Cross-Origin-Opener-Policy policy would block the window.closed call. @ https://www.figma.com/webpack-artifacts/assets/request_permissions-6d7b08d9954f9fd9.min.js.br:455
[   28687ms] [ERROR] Failed to load resource: net::ERR_CONNECTION_RESET @ https://www.redditstatic.com/ads/pixel.js:0
[   38789ms] [ERROR] Failed to load resource: net::ERR_CONNECTION_RESET @ https://analytics.twitter.com/1/i/adsct?bci=4&dv=Asia%2FShanghai%26zh-CN%2Czh%26Google%20Inc.%26Win32%26255%261280%26800%268%2624%261280%26752%2610%26na&eci=3&event=%7B%7D&event_id=630e2730-621e-47c9-b64e-7004216c09d8&integration=gtm&p_id=Twitter&p_user_id=0&pl_id=c3ce663a-809b-4725-9090-0a968763f44e&pt=Figma&tw_document_href=https%3A%2F%2Fmarketing.figma.com%2F%3Freferrer%3D%26temp-cache-bust%3D1%26gpc_code%3Dcn_gd&tw_iframe_status=1&tw_pid_src=1&twpid=tw.1786164966155.65691319658317733&txn_id=o252t&type=javascript&version=2.4.1:0
[   38790ms] [ERROR] Failed to load resource: net::ERR_CONNECTION_RESET @ https://analytics.twitter.com/1/i/adsct?bci=4&dv=Asia%2FShanghai%26zh-CN%2Czh%26Google%20Inc.%26Win32%26255%261280%26800%268%2624%261280%26752%2610%26na&eci=3&event=%7B%7D&event_id=cbdbbb32-dd54-4afa-9f1b-0afc51a19468&integration=gtm&p_id=Twitter&p_user_id=0&pl_id=c3ce663a-809b-4725-9090-0a968763f44e&pt=Figma&tw_document_href=https%3A%2F%2Fmarketing.figma.com%2F%3Freferrer%3D%26temp-cache-bust%3D1%26gpc_code%3Dcn_gd&tw_iframe_status=1&tw_pid_src=1&twpid=tw.1786164966155.65691319658317733&txn_id=qasen&type=javascript&version=2.4.1:0
[   38790ms] [ERROR] Failed to load resource: net::ERR_CONNECTION_RESET @ https://analytics.twitter.com/i/adsct?bci=4&cv=100%261&dv=Asia%2FShanghai%26zh-CN%2Czh%26Google%20Inc.%26Win32%26255%261280%26800%268%2624%261280%26752%2610%26na&eci=2&event_id=a032745b-de0a-481c-85ad-f2add12ea3f1&events=%5B%5B%22auto_long_site_dwell%22%2C%7B%7D%5D%5D&integration=gtm&p_id=Twitter&p_user_id=0&pl_id=c3ce663a-809b-4725-9090-0a968763f44e&pt=Figma&tw_document_href=https%3A%2F%2Fmarketing.figma.com%2F%3Freferrer%3D%26temp-cache-bust%3D1%26gpc_code%3Dcn_gd&tw_iframe_status=1&tw_pid_src=1&twpid=tw.1786164966155.65691319658317733&txn_id=o252t&type=javascript&version=2.4.1:0
[   38791ms] [ERROR] Failed to load resource: net::ERR_CONNECTION_RESET @ https://analytics.twitter.com/i/adsct?bci=4&cv=100%261&dv=Asia%2FShanghai%26zh-CN%2Czh%26Google%20Inc.%26Win32%26255%261280%26800%268%2624%261280%26752%2610%26na&eci=2&event_id=201255bb-1e95-4335-9ed3-637efe3e37ef&events=%5B%5B%22auto_long_site_dwell%22%2C%7B%7D%5D%5D&integration=gtm&p_id=Twitter&p_user_id=0&pl_id=c3ce663a-809b-4725-9090-0a968763f44e&pt=Figma&tw_document_href=https%3A%2F%2Fmarketing.figma.com%2F%3Freferrer%3D%26temp-cache-bust%3D1%26gpc_code%3Dcn_gd&tw_iframe_status=1&tw_pid_src=1&twpid=tw.1786164966155.65691319658317733&txn_id=qasen&type=javascript&version=2.4.1:0
[   39159ms] [ERROR] Failed to load resource: net::ERR_CONNECTION_RESET @ https://t.co/1/i/adsct?bci=4&dv=Asia%2FShanghai%26zh-CN%2Czh%26Google%20Inc.%26Win32%26255%261280%26800%268%2624%261280%26752%2610%26na&eci=3&event=%7B%7D&event_id=cbdbbb32-dd54-4afa-9f1b-0afc51a19468&integration=gtm&p_id=Twitter&p_user_id=0&pl_id=c3ce663a-809b-4725-9090-0a968763f44e&pt=Figma&tw_document_href=https%3A%2F%2Fmarketing.figma.com%2F%3Freferrer%3D%26temp-cache-bust%3D1%26gpc_code%3Dcn_gd&tw_iframe_status=1&tw_pid_src=1&twpid=tw.1786164966155.65691319658317733&txn_id=qasen&type=javascript&version=2.4.1:0
[   39159ms] [ERROR] Failed to load resource: net::ERR_CONNECTION_RESET @ https://t.co/1/i/adsct?bci=4&dv=Asia%2FShanghai%26zh-CN%2Czh%26Google%20Inc.%26Win32%26255%261280%26800%268%2624%261280%26752%2610%26na&eci=3&event=%7B%7D&event_id=630e2730-621e-47c9-b64e-7004216c09d8&integration=gtm&p_id=Twitter&p_user_id=0&pl_id=c3ce663a-809b-4725-9090-0a968763f44e&pt=Figma&tw_document_href=https%3A%2F%2Fmarketing.figma.com%2F%3Freferrer%3D%26temp-cache-bust%3D1%26gpc_code%3Dcn_gd&tw_iframe_status=1&tw_pid_src=1&twpid=tw.1786164966155.65691319658317733&txn_id=o252t&type=javascript&version=2.4.1:0
[   39159ms] [ERROR] Failed to load resource: net::ERR_CONNECTION_RESET @ https://t.co/i/adsct?bci=4&cv=100%261&dv=Asia%2FShanghai%26zh-CN%2Czh%26Google%20Inc.%26Win32%26255%261280%26800%268%2624%261280%26752%2610%26na&eci=2&event_id=a032745b-de0a-481c-85ad-f2add12ea3f1&events=%5B%5B%22auto_long_site_dwell%22%2C%7B%7D%5D%5D&integration=gtm&p_id=Twitter&p_user_id=0&pl_id=c3ce663a-809b-4725-9090-0a968763f44e&pt=Figma&tw_document_href=https%3A%2F%2Fmarketing.figma.com%2F%3Freferrer%3D%26temp-cache-bust%3D1%26gpc_code%3Dcn_gd&tw_iframe_status=1&tw_pid_src=1&twpid=tw.1786164966155.65691319658317733&txn_id=o252t&type=javascript&version=2.4.1:0
[   39159ms] [ERROR] Failed to load resource: net::ERR_CONNECTION_RESET @ https://t.co/i/adsct?bci=4&cv=100%261&dv=Asia%2FShanghai%26zh-CN%2Czh%26Google%20Inc.%26Win32%26255%261280%26800%268%2624%261280%26752%2610%26na&eci=2&event_id=201255bb-1e95-4335-9ed3-637efe3e37ef&events=%5B%5B%22auto_long_site_dwell%22%2C%7B%7D%5D%5D&integration=gtm&p_id=Twitter&p_user_id=0&pl_id=c3ce663a-809b-4725-9090-0a968763f44e&pt=Figma&tw_document_href=https%3A%2F%2Fmarketing.figma.com%2F%3Freferrer%3D%26temp-cache-bust%3D1%26gpc_code%3Dcn_gd&tw_iframe_status=1&tw_pid_src=1&twpid=tw.1786164966155.65691319658317733&txn_id=qasen&type=javascript&version=2.4.1:0
[   71448ms] [ERROR] Cross-Origin-Opener-Policy policy would block the window.closed call. @ https://www.figma.com/webpack-artifacts/assets/request_permissions-6d7b08d9954f9fd9.min.js.br:455
[   71448ms] [ERROR] Cross-Origin-Opener-Policy policy would block the window.closed call. @ https://www.figma.com/webpack-artifacts/assets/request_permissions-6d7b08d9954f9fd9.min.js.br:455
[   72742ms] [ERROR] Cross-Origin-Opener-Policy policy would block the window.closed call. @ https://www.figma.com/webpack-artifacts/assets/request_permissions-6d7b08d9954f9fd9.min.js.br:455
[   72742ms] [ERROR] Cross-Origin-Opener-Policy policy would block the window.closed call. @ https://www.figma.com/webpack-artifacts/assets/request_permissions-6d7b08d9954f9fd9.min.js.br:455
[   75817ms] [ERROR] Failed to load resource: the server responded with a status of 401 () @ https://www.figma.com/api/session/google_auth/signin:0
[  101704ms] [ERROR] Failed to load resource: the server responded with a status of 403 () @ https://www.figma.com/design/HeUb9TGlKXx6zr8HdPYzHf:0
[  103259ms] [LOG] Running frontend commit 81855c2bc7c604648169c4e4333f43579bfa7464 @ https://www.figma.com/design/HeUb9TGlKXx6zr8HdPYzHf:491
[  104714ms] [WARNING] Failed to execute 'postMessage' on 'DOMWindow': The target origin provided ('https://marketing.figma.com') does not match the recipient window's origin ('https://www.figma.com'). @ https://www.figma.com/webpack-artifacts/assets/request_permissions-6d7b08d9954f9fd9.min.js.br:448
[  104714ms] [WARNING] Failed to execute 'postMessage' on 'DOMWindow': The target origin provided ('https://marketing.figma.com') does not match the recipient window's origin ('https://www.figma.com'). @ https://www.figma.com/webpack-artifacts/assets/request_permissions-6d7b08d9954f9fd9.min.js.br:448
[  104714ms] [WARNING] Failed to execute 'postMessage' on 'DOMWindow': The target origin provided ('https://marketing.figma.com') does not match the recipient window's origin ('https://www.figma.com'). @ https://www.figma.com/webpack-artifacts/assets/request_permissions-6d7b08d9954f9fd9.min.js.br:448
[  104714ms] [WARNING] Failed to execute 'postMessage' on 'DOMWindow': The target origin provided ('https://marketing.figma.com') does not match the recipient window's origin ('https://www.figma.com'). @ https://www.figma.com/webpack-artifacts/assets/request_permissions-6d7b08d9954f9fd9.min.js.br:448
[  104714ms] [WARNING] Failed to execute 'postMessage' on 'DOMWindow': The target origin provided ('https://marketing.figma.com') does not match the recipient window's origin ('https://www.figma.com'). @ https://www.figma.com/webpack-artifacts/assets/request_permissions-6d7b08d9954f9fd9.min.js.br:448
[  105099ms] [WARNING] pixel already configured. @ https://pixel.byspotify.com/ping.min.js:0
[  105355ms] [ERROR] Failed to load resource: net::ERR_CONNECTION_RESET @ https://a.quora.com/qevents.js:0
[  105374ms] [ERROR] Failed to load resource: net::ERR_CONNECTION_RESET @ https://q.quora.com/_/ad/6a1ce7b2b58247218d0562884d66cb7d/pixel?tag=ViewContent&i=gtm&u=https%3A%2F%2Fmarketing.figma.com%2F%3Freferrer%3D%26temp-cache-bust%3D1%26gpc_code%3Dcn_gd:0
[  105690ms] [ERROR] Failed to load resource: net::ERR_CONNECTION_RESET @ https://ssl.pstatic.net/melona/libs/gfp-nac-module/synchronizer.js:0
[  108523ms] [ERROR] Cross-Origin-Opener-Policy policy would block the window.closed call. @ https://www.figma.com/webpack-artifacts/assets/request_permissions-6d7b08d9954f9fd9.min.js.br:455
[  108523ms] [ERROR] Cross-Origin-Opener-Policy policy would block the window.closed call. @ https://www.figma.com/webpack-artifacts/assets/request_permissions-6d7b08d9954f9fd9.min.js.br:455
[  124171ms] [ERROR] Cross-Origin-Opener-Policy policy would block the window.closed call. @ https://www.figma.com/webpack-artifacts/assets/request_permissions-6d7b08d9954f9fd9.min.js.br:455
[  124171ms] [ERROR] Cross-Origin-Opener-Policy policy would block the window.closed call. @ https://www.figma.com/webpack-artifacts/assets/request_permissions-6d7b08d9954f9fd9.min.js.br:455
[  126516ms] [ERROR] Cross-Origin-Opener-Policy policy would block the window.closed call. @ https://www.figma.com/webpack-artifacts/assets/request_permissions-6d7b08d9954f9fd9.min.js.br:455
[  126516ms] [ERROR] Cross-Origin-Opener-Policy policy would block the window.closed call. @ https://www.figma.com/webpack-artifacts/assets/request_permissions-6d7b08d9954f9fd9.min.js.br:455
[  129591ms] [ERROR] Failed to load resource: net::ERR_CONNECTION_RESET @ https://t.co/1/i/adsct?bci=4&dv=Asia%2FShanghai%26zh-CN%2Czh%26Google%20Inc.%26Win32%26255%261280%26800%268%2624%261280%26752%2610%26na&eci=3&event=%7B%7D&event_id=f340fd93-7904-4b78-b78a-85039c5f71e8&integration=gtm&p_id=Twitter&p_user_id=0&pl_id=834d0cf9-6ed0-4006-a6fb-580327cbc20d&pt=Figma&tw_document_href=https%3A%2F%2Fmarketing.figma.com%2F%3Freferrer%3D%26temp-cache-bust%3D1%26gpc_code%3Dcn_gd&tw_iframe_status=1&tw_pid_src=2&twpid=tw.1786164966155.65691319658317733&txn_id=o252t&type=javascript&version=2.4.1:0
[  129593ms] [ERROR] Failed to load resource: net::ERR_CONNECTION_RESET @ https://t.co/1/i/adsct?bci=4&dv=Asia%2FShanghai%26zh-CN%2Czh%26Google%20Inc.%26Win32%26255%261280%26800%268%2624%261280%26752%2610%26na&eci=3&event=%7B%7D&event_id=639155f7-2fd7-4685-a783-18b7442772a8&integration=gtm&p_id=Twitter&p_user_id=0&pl_id=834d0cf9-6ed0-4006-a6fb-580327cbc20d&pt=Figma&tw_document_href=https%3A%2F%2Fmarketing.figma.com%2F%3Freferrer%3D%26temp-cache-bust%3D1%26gpc_code%3Dcn_gd&tw_iframe_status=1&tw_pid_src=2&twpid=tw.1786164966155.65691319658317733&txn_id=qasen&type=javascript&version=2.4.1:0
[  129593ms] [ERROR] Failed to load resource: net::ERR_CONNECTION_RESET @ https://t.co/i/adsct?bci=4&cv=100%261&dv=Asia%2FShanghai%26zh-CN%2Czh%26Google%20Inc.%26Win32%26255%261280%26800%268%2624%261280%26752%2610%26na&eci=2&event_id=855467e4-510f-46ba-b017-1db71f57d88f&events=%5B%5B%22auto_long_site_dwell%22%2C%7B%7D%5D%5D&integration=gtm&p_id=Twitter&p_user_id=0&pl_id=834d0cf9-6ed0-4006-a6fb-580327cbc20d&pt=Figma&tw_document_href=https%3A%2F%2Fmarketing.figma.com%2F%3Freferrer%3D%26temp-cache-bust%3D1%26gpc_code%3Dcn_gd&tw_iframe_status=1&tw_pid_src=2&twpid=tw.1786164966155.65691319658317733&txn_id=o252t&type=javascript&version=2.4.1:0
[  129593ms] [ERROR] Failed to load resource: net::ERR_CONNECTION_RESET @ https://t.co/i/adsct?bci=4&cv=100%261&dv=Asia%2FShanghai%26zh-CN%2Czh%26Google%20Inc.%26Win32%26255%261280%26800%268%2624%261280%26752%2610%26na&eci=2&event_id=ade636f3-5b5a-4965-a190-bf620deb8697&events=%5B%5B%22auto_long_site_dwell%22%2C%7B%7D%5D%5D&integration=gtm&p_id=Twitter&p_user_id=0&pl_id=834d0cf9-6ed0-4006-a6fb-580327cbc20d&pt=Figma&tw_document_href=https%3A%2F%2Fmarketing.figma.com%2F%3Freferrer%3D%26temp-cache-bust%3D1%26gpc_code%3Dcn_gd&tw_iframe_status=1&tw_pid_src=2&twpid=tw.1786164966155.65691319658317733&txn_id=qasen&type=javascript&version=2.4.1:0
[  135786ms] [LOG] Running frontend commit 81855c2bc7c604648169c4e4333f43579bfa7464 @ https://www.figma.com/design/HeUb9TGlKXx6zr8HdPYzHf?fuid=1667781237961141581:660
[  147308ms] [WARNING] Statsig is not ready to log exposures, will retry in 1 seconds @ https://www.figma.com/webpack-artifacts/assets/vendor-core-1e0448b648ed4863.min.js.br:53
[  147437ms] [ERROR] Failed to load resource: the server responded with a status of 403 (Forbidden) @ https://browser-intake-datadoghq.com/api/v2/rum:0
[  147680ms] [LOG] Loaded 233 scripts (12952911b), 90 from cache (3038604b) @ https://www.figma.com/webpack-artifacts/assets/vendor-core-1e0448b648ed4863.min.js.br:53
[  148055ms] [INFO] Autosave Changes not available or already claimed by another tab undefined @ https://www.figma.com/webpack-artifacts/assets/vendor-core-1e0448b648ed4863.min.js.br:53
[  149313ms] [LOG] [import] git: 6490a5e42b11fc20d484172234d4cffcc0abd7e8, stamp: 112477F7236E11E5 @ https://www.figma.com/webpack-artifacts/assets/vendor-core-1e0448b648ed4863.min.js.br:53
[  150271ms] [WARNING] The powerPreference option is currently ignored when calling requestAdapter() on Windows. See https://crbug.com/369219127 @ https://www.figma.com/webpack-artifacts/assets/415-f9f34717f0d833dc.min.js.br:26
[  150655ms] [INFO] [Fullscreen] Booting... (emscripten version 4.0.21) @ https://www.figma.com/webpack-artifacts/assets/vendor-core-1e0448b648ed4863.min.js.br:53
[  150888ms] [INFO] [GPU] graphicsAPI:"WebGPU", vendor:"Google Inc. (Intel)" renderer:"ANGLE (Intel, Intel(R) Iris(R) Xe Graphics (0x00009A49) Direct3D11 vs_5_0 ps_5_0, D3D11)" deviceArchitecture:"gen-12lp" deviceDescription:"" webGPUDevice:"" webGPUVendor:"intel" bindings:"emdawnwebgpu" @ https://www.figma.com/webpack-artifacts/assets/vendor-core-1e0448b648ed4863.min.js.br:53
[  150894ms] [LOG] [Fullscreen] Ready in 628.7ms @ https://www.figma.com/webpack-artifacts/assets/vendor-core-1e0448b648ed4863.min.js.br:53
[  150900ms] [WARNING] The powerPreference option is currently ignored when calling requestAdapter() on Windows. See https://crbug.com/369219127 @ https://www.figma.com/webpack-artifacts/assets/415-f9f34717f0d833dc.min.js.br:26
[  151290ms] [INFO] [FullscreenApp] calling setEditorTheme and setting preference light @ https://www.figma.com/webpack-artifacts/assets/vendor-core-1e0448b648ed4863.min.js.br:53
[  151403ms] [INFO] [MultiplayerSession] connecting to wss://www.figma.com/api/multiplayer/HeUb9TGlKXx6zr8HdPYzHf?role=editor&tracking_session_id=MwPNhca9YUiiEPUR&version=202&recentReload=0&file-load-streaming-compression=&user-id=1667781237961141581&client_release=81855c2bc7c604648169c4e4333f43579bfa7464&force-dpl-journaled-reconnect=1 @ https://www.figma.com/webpack-artifacts/assets/vendor-core-1e0448b648ed4863.min.js.br:53
[  151441ms] [INFO] [MultiplayerSession] Joining file version 106 (initial load) @ https://www.figma.com/webpack-artifacts/assets/vendor-core-1e0448b648ed4863.min.js.br:53
[  152736ms] [WARNING] Canvas2D: Multiple readback operations using getImageData are faster with the willReadFrequently attribute set to true. See: https://html.spec.whatwg.org/multipage/canvas.html#concept-canvas-will-read-frequently @ https://static.figma.com/fullscreen/bdbc9bd695cb99bee3d57c0726e7e8a7c6c7386b/fullscreen-harfbuzz-12-3-0/compiled_wasm.js.br:1
[  152896ms] [INFO] afterJoinEnd PageSyncing: Loaded incrementally {loaded_pages: 0:1} @ https://www.figma.com/webpack-artifacts/assets/vendor-core-1e0448b648ed4863.min.js.br:53
[  152910ms] [INFO] [FullscreenApp] calling setEditorTheme and setting preference light @ https://www.figma.com/webpack-artifacts/assets/vendor-core-1e0448b648ed4863.min.js.br:53
[  156809ms] [LOG] [Fullscreen] loadtime=22.43s maxmem=9219644 @ https://www.figma.com/webpack-artifacts/assets/vendor-core-1e0448b648ed4863.min.js.br:53
[  157763ms] [INFO] [Sprigma] Sprig SDK is ready @ https://www.figma.com/webpack-artifacts/assets/vendor-core-1e0448b648ed4863.min.js.br:53
[  201629ms] [WARNING] Canvas2D: Multiple readback operations using getImageData are faster with the willReadFrequently attribute set to true. See: https://html.spec.whatwg.org/multipage/canvas.html#concept-canvas-will-read-frequently @ https://static.figma.com/fullscreen/bdbc9bd695cb99bee3d57c0726e7e8a7c6c7386b/fullscreen-harfbuzz-12-3-0/compiled_wasm.js.br:1
[  207880ms] [LOG] Sentry event id: 620f00136cf34d72a53c8c1e3bf80115 @ https://www.figma.com/webpack-artifacts/assets/vendor-core-1e0448b648ed4863.min.js.br:53
[  886774ms] [LOG] Running frontend commit 81855c2bc7c604648169c4e4333f43579bfa7464 @ https://www.figma.com/design/HeUb9TGlKXx6zr8HdPYzHf/%E8%82%A1%E7%A5%A8WEB%E7%9B%91%E6%8E%A7%E7%B3%BB%E7%BB%9F-%E4%BB%AA%E8%A1%A8%E7%9B%98%E8%AE%BE%E8%AE%A1?node-id=2-18&t=53KzgbicFS3clnbQ-0:660
[  893065ms] [WARNING] Statsig is not ready to log exposures, will retry in 1 seconds @ https://www.figma.com/webpack-artifacts/assets/vendor-core-1e0448b648ed4863.min.js.br:53
[  893067ms] [ERROR] Failed to load resource: the server responded with a status of 403 (Forbidden) @ https://browser-intake-datadoghq.com/api/v2/rum:0
[  893238ms] [LOG] Loaded 143 scripts (9914312b), 143 from cache (9914312b) @ https://www.figma.com/webpack-artifacts/assets/vendor-core-1e0448b648ed4863.min.js.br:53
[  893626ms] [WARNING] The powerPreference option is currently ignored when calling requestAdapter() on Windows. See https://crbug.com/369219127 @ https://www.figma.com/webpack-artifacts/assets/415-f9f34717f0d833dc.min.js.br:26
[  893670ms] [LOG] [import] git: 6490a5e42b11fc20d484172234d4cffcc0abd7e8, stamp: 112477F7236E11E5 @ https://www.figma.com/webpack-artifacts/assets/vendor-core-1e0448b648ed4863.min.js.br:53
[  893733ms] [INFO] Autosave Changes not available or already claimed by another tab undefined @ https://www.figma.com/webpack-artifacts/assets/vendor-core-1e0448b648ed4863.min.js.br:53
[  894627ms] [INFO] [Fullscreen] Booting... (emscripten version 4.0.21) @ https://www.figma.com/webpack-artifacts/assets/vendor-core-1e0448b648ed4863.min.js.br:53
[  894717ms] [INFO] [GPU] graphicsAPI:"WebGPU", vendor:"Google Inc. (Intel)" renderer:"ANGLE (Intel, Intel(R) Iris(R) Xe Graphics (0x00009A49) Direct3D11 vs_5_0 ps_5_0, D3D11)" deviceArchitecture:"gen-12lp" deviceDescription:"" webGPUDevice:"" webGPUVendor:"intel" bindings:"emdawnwebgpu" @ https://www.figma.com/webpack-artifacts/assets/vendor-core-1e0448b648ed4863.min.js.br:53
[  894721ms] [LOG] [Fullscreen] Ready in 1106.3ms @ https://www.figma.com/webpack-artifacts/assets/vendor-core-1e0448b648ed4863.min.js.br:53
[  894727ms] [WARNING] The powerPreference option is currently ignored when calling requestAdapter() on Windows. See https://crbug.com/369219127 @ https://www.figma.com/webpack-artifacts/assets/415-f9f34717f0d833dc.min.js.br:26
[  895098ms] [INFO] [FullscreenApp] calling setEditorTheme and setting preference light @ https://www.figma.com/webpack-artifacts/assets/vendor-core-1e0448b648ed4863.min.js.br:53
[  895129ms] [INFO] [MultiplayerSession] connecting to wss://www.figma.com/api/multiplayer/HeUb9TGlKXx6zr8HdPYzHf?role=editor&tracking_session_id=PixjvAi7off2SQTK&version=202&recentReload=0&file-load-streaming-compression=&scenegraph-queries-initial-nodes=2%3A18&user-id=1667781237961141581&client_release=81855c2bc7c604648169c4e4333f43579bfa7464&force-dpl-journaled-reconnect=1 @ https://www.figma.com/webpack-artifacts/assets/vendor-core-1e0448b648ed4863.min.js.br:53
[  895143ms] [INFO] [MultiplayerSession] Joining file version 106 (initial load) @ https://www.figma.com/webpack-artifacts/assets/vendor-core-1e0448b648ed4863.min.js.br:53
[  895440ms] [WARNING] Canvas2D: Multiple readback operations using getImageData are faster with the willReadFrequently attribute set to true. See: https://html.spec.whatwg.org/multipage/canvas.html#concept-canvas-will-read-frequently @ https://static.figma.com/fullscreen/bdbc9bd695cb99bee3d57c0726e7e8a7c6c7386b/fullscreen-harfbuzz-12-3-0/compiled_wasm.js.br:1
[  895602ms] [WARNING] Canvas2D: Multiple readback operations using getImageData are faster with the willReadFrequently attribute set to true. See: https://html.spec.whatwg.org/multipage/canvas.html#concept-canvas-will-read-frequently @ https://static.figma.com/fullscreen/bdbc9bd695cb99bee3d57c0726e7e8a7c6c7386b/fullscreen-harfbuzz-12-3-0/compiled_wasm.js.br:1
[  895625ms] [INFO] afterJoinEnd PageSyncing: Loaded incrementally {loaded_pages: 0:1} @ https://www.figma.com/webpack-artifacts/assets/vendor-core-1e0448b648ed4863.min.js.br:53
[  895641ms] [INFO] [FullscreenApp] calling setEditorTheme and setting preference light @ https://www.figma.com/webpack-artifacts/assets/vendor-core-1e0448b648ed4863.min.js.br:53
[  899971ms] [LOG] [Fullscreen] loadtime=16.73s maxmem=11484524 @ https://www.figma.com/webpack-artifacts/assets/vendor-core-1e0448b648ed4863.min.js.br:53
[  901506ms] [INFO] [Sprigma] Sprig SDK is ready @ https://www.figma.com/webpack-artifacts/assets/vendor-core-1e0448b648ed4863.min.js.br:53
[  927724ms] [ERROR] Failed to load resource: the server responded with a status of 403 () @ https://static.figma.com/uploads/:0
[  928547ms] [ERROR] Failed to load resource: the server responded with a status of 403 () @ https://static.figma.com/uploads/:0
[  929448ms] [ERROR] Failed to load resource: the server responded with a status of 403 () @ https://static.figma.com/uploads/:0
[  957005ms] [ERROR] Failed to load resource: net::ERR_HTTP2_PING_FAILED @ https://www.figma.com/api/figment-proxy/monitor:0
[ 3928972ms] [LOG] [Livegraph] Connection closed. Code: 1006, reason:  @ https://www.figma.com/webpack-artifacts/assets/vendor-core-1e0448b648ed4863.min.js.br:53
[ 3930425ms] [INFO] [MultiplayerSession] connecting to wss://www.figma.com/api/multiplayer/HeUb9TGlKXx6zr8HdPYzHf?role=editor&tracking_session_id=PixjvAi7off2SQTK&version=202&recentReload=0&file-load-streaming-compression=&scenegraph-queries-initial-nodes=0%3A1%2C8%3A2&user-id=1667781237961141581&client_release=81855c2bc7c604648169c4e4333f43579bfa7464&reconnect-key=e643a9e23369e2af7845201354015437acc33505&reconnect-sequence-number=51&initialFileVersion=106&previousLoadMode=incremental&incremental-loading-validation=0&force-dpl-journaled-reconnect=1 @ https://www.figma.com/webpack-artifacts/assets/vendor-core-1e0448b648ed4863.min.js.br:53
[ 3960034ms] [ERROR] WebSocket connection to 'wss://www.figma.com/api/livegraph?pv=1&pr=3b30f5fab8b08034&pt=1786165835&ph=zrLcIKAlzpov0aOIaEgo_5sUT8zM-54pSnjoe18FkkY&userId=1667781237961141581&anonUserId=041b4e65-ee30-4c1b-a2d4-377564064c81&clientType=web&commitHash=81855c2bc7c604648169c4e4333f43579bfa7464&requestedProtocolVersion=2&clientUrl=https%3A%2F%2Fwww.figma.com%2Fdesign%2FHeUb9TGlKXx6zr8HdPYzHf%2F%25E8%2582%25A1%25E7%25A5%25A8WEB%25E7%259B%2591%25E6%258E%25A7%25E7%25B3%25BB%25E7%25BB%259F-%25E4%25BB%25AA%25E8%25A1%25A8%25E7%259B%2598%25E8%25AE%25BE%25E8%25AE%25A1%3Fnode-id%3D2-18%26t%3D53KzgbicFS3clnbQ-0&connectionType=reconnect&reconnect=1' failed: WebSocket opening handshake timed out @ https://www.figma.com/webpack-artifacts/assets/8888-bf250a45ed6826e8.min.js.br:76
[ 3960039ms] [LOG] [Livegraph] Connection closed. Code: 1006, reason:  @ https://www.figma.com/webpack-artifacts/assets/vendor-core-1e0448b648ed4863.min.js.br:53
[ 3964874ms] [INFO] [MultiplayerSession] Joining file version 106 (skip_reload reconnect) @ https://www.figma.com/webpack-artifacts/assets/vendor-core-1e0448b648ed4863.min.js.br:53
[ 3964893ms] [INFO] afterJoinEnd PageSyncing: Loaded incrementally {loaded_pages: 0:1, 8:2} @ https://www.figma.com/webpack-artifacts/assets/vendor-core-1e0448b648ed4863.min.js.br:53
[ 4024632ms] [LOG] [Livegraph] Connection closed. Code: 1006, reason:  @ https://www.figma.com/webpack-artifacts/assets/vendor-core-1e0448b648ed4863.min.js.br:53
[ 4049607ms] [WARNING] Too many elapsed hits of react since last report @ https://www.figma.com/webpack-artifacts/assets/vendor-core-1e0448b648ed4863.min.js.br:53
[ 4264738ms] [ERROR] WebSocket connection to 'wss://www.figma.com/api/livegraph?pv=1&pr=3b30f5fab8b08034&pt=1786165835&ph=zrLcIKAlzpov0aOIaEgo_5sUT8zM-54pSnjoe18FkkY&userId=1667781237961141581&anonUserId=041b4e65-ee30-4c1b-a2d4-377564064c81&clientType=web&commitHash=81855c2bc7c604648169c4e4333f43579bfa7464&requestedProtocolVersion=2&clientUrl=https%3A%2F%2Fwww.figma.com%2Fdesign%2FHeUb9TGlKXx6zr8HdPYzHf%2F%25E8%2582%25A1%25E7%25A5%25A8WEB%25E7%259B%2591%25E6%258E%25A7%25E7%25B3%25BB%25E7%25BB%259F-%25E4%25BB%25AA%25E8%25A1%25A8%25E7%259B%2598%25E8%25AE%25BE%25E8%25AE%25A1%3Fnode-id%3D2-18%26t%3D53KzgbicFS3clnbQ-0&connectionType=reconnect&reconnect=1' failed: WebSocket opening handshake timed out @ https://www.figma.com/webpack-artifacts/assets/8888-bf250a45ed6826e8.min.js.br:76
[ 4264739ms] [LOG] [Livegraph] Connection closed. Code: 1006, reason:  @ https://www.figma.com/webpack-artifacts/assets/vendor-core-1e0448b648ed4863.min.js.br:53
[ 4295268ms] [ERROR] WebSocket connection to 'wss://www.figma.com/api/livegraph?pv=1&pr=3b30f5fab8b08034&pt=1786165835&ph=zrLcIKAlzpov0aOIaEgo_5sUT8zM-54pSnjoe18FkkY&userId=1667781237961141581&anonUserId=041b4e65-ee30-4c1b-a2d4-377564064c81&clientType=web&commitHash=81855c2bc7c604648169c4e4333f43579bfa7464&requestedProtocolVersion=2&clientUrl=https%3A%2F%2Fwww.figma.com%2Fdesign%2FHeUb9TGlKXx6zr8HdPYzHf%2F%25E8%2582%25A1%25E7%25A5%25A8WEB%25E7%259B%2591%25E6%258E%25A7%25E7%25B3%25BB%25E7%25BB%259F-%25E4%25BB%25AA%25E8%25A1%25A8%25E7%259B%2598%25E8%25AE%25BE%25E8%25AE%25A1%3Fnode-id%3D2-18%26t%3D53KzgbicFS3clnbQ-0&connectionType=reconnect&reconnect=2' failed: WebSocket opening handshake timed out @ https://www.figma.com/webpack-artifacts/assets/8888-bf250a45ed6826e8.min.js.br:76
[ 4295268ms] [LOG] [Livegraph] Connection closed. Code: 1006, reason:  @ https://www.figma.com/webpack-artifacts/assets/vendor-core-1e0448b648ed4863.min.js.br:53
[ 4351520ms] [LOG] [Livegraph] Connection closed. Code: 1006, reason:  @ https://www.figma.com/webpack-artifacts/assets/vendor-core-1e0448b648ed4863.min.js.br:53
[ 4886421ms] [INFO] [MultiplayerSession] connecting to wss://www.figma.com/api/multiplayer/HeUb9TGlKXx6zr8HdPYzHf?role=editor&tracking_session_id=PixjvAi7off2SQTK&version=202&recentReload=0&file-load-streaming-compression=&scenegraph-queries-initial-nodes=0%3A1%2C8%3A2&user-id=1667781237961141581&client_release=81855c2bc7c604648169c4e4333f43579bfa7464&reconnect-key=e643a9e23369e2af7845201354015437acc33505&reconnect-sequence-number=51&initialFileVersion=106&previousLoadMode=incremental&incremental-loading-validation=0&force-dpl-journaled-reconnect=1 @ https://www.figma.com/webpack-artifacts/assets/vendor-core-1e0448b648ed4863.min.js.br:53
[ 4889544ms] [INFO] [MultiplayerSession] Joining file version 106 (skip_reload reconnect) @ https://www.figma.com/webpack-artifacts/assets/vendor-core-1e0448b648ed4863.min.js.br:53
[ 4889560ms] [INFO] afterJoinEnd PageSyncing: Loaded incrementally {loaded_pages: 0:1, 8:2} @ https://www.figma.com/webpack-artifacts/assets/vendor-core-1e0448b648ed4863.min.js.br:53
[ 5392916ms] [INFO] [MultiplayerSession] connecting to wss://www.figma.com/api/multiplayer/HeUb9TGlKXx6zr8HdPYzHf?role=editor&tracking_session_id=PixjvAi7off2SQTK&version=202&recentReload=0&file-load-streaming-compression=&scenegraph-queries-initial-nodes=0%3A1%2C8%3A2&user-id=1667781237961141581&client_release=81855c2bc7c604648169c4e4333f43579bfa7464&reconnect-key=e643a9e23369e2af7845201354015437acc33505&reconnect-sequence-number=51&initialFileVersion=106&previousLoadMode=incremental&incremental-loading-validation=0&force-dpl-journaled-reconnect=1 @ https://www.figma.com/webpack-artifacts/assets/vendor-core-1e0448b648ed4863.min.js.br:53
[ 5394963ms] [INFO] [MultiplayerSession] Joining file version 106 (skip_reload reconnect) @ https://www.figma.com/webpack-artifacts/assets/vendor-core-1e0448b648ed4863.min.js.br:53
[ 5394970ms] [INFO] afterJoinEnd PageSyncing: Loaded incrementally {loaded_pages: 0:1, 8:2} @ https://www.figma.com/webpack-artifacts/assets/vendor-core-1e0448b648ed4863.min.js.br:53
[ 6142670ms] [WARNING] Update triggered on non-existent instance of object type UserFlag, id 7442238105 @ https://www.figma.com/webpack-artifacts/assets/vendor-core-1e0448b648ed4863.min.js.br:53
[ 6143265ms] [WARNING] Blocked aria-hidden on an element because its descendant retained focus. The focus must not be hidden from assistive technology users. Avoid using aria-hidden on a focused element or its ancestor. Consider using the inert attribute instead, which will also prevent focus. For more details, see the aria-hidden section of the WAI-ARIA specification at https://w3c.github.io/aria/#aria-hidden.
Element with focus: <input.focus-target>
Ancestor with aria-hidden: <div.fullscreen_view--fullscreenViewportWrapper--TV7Gb> @ https://www.figma.com/design/HeUb9TGlKXx6zr8HdPYzHf/%E8%82%A1%E7%A5%A8WEB%E7%9B%91%E6%8E%A7%E7%B3%BB%E7%BB%9F-%E4%BB%AA%E8%A1%A8%E7%9B%98%E8%AE%BE%E8%AE%A1?node-id=0-1&p=f&t=qImzyaxGoUQ3zOMT-0:0
