[    1156ms] [LOG] Running frontend commit 81855c2bc7c604648169c4e4333f43579bfa7464 @ https://www.figma.com/proto/HeUb9TGlKXx6zr8HdPYzHf/%E8%82%A1%E7%A5%A8WEB%E7%9B%91%E6%8E%A7%E7%B3%BB%E7%BB%9F-%E4%BB%AA%E8%A1%A8%E7%9B%98%E8%AE%BE%E8%AE%A1?node-id=0-1&p=f&t=53KzgbicFS3clnbQ-0&scaling=min-zoom&content-scaling=fixed&page-id=0%3A1&fuid=1667781237961141581:555
[   11539ms] [WARNING] Statsig is not ready to log exposures, will retry in 1 seconds @ https://www.figma.com/webpack-artifacts/assets/vendor-core-1e0448b648ed4863.min.js.br:53
[   11540ms] [ERROR] Failed to load resource: the server responded with a status of 403 (Forbidden) @ https://browser-intake-datadoghq.com/api/v2/rum:0
[   11891ms] [LOG] [import] git: 6490a5e42b11fc20d484172234d4cffcc0abd7e8, stamp: 112477F7236E11E5 @ https://www.figma.com/webpack-artifacts/assets/vendor-core-1e0448b648ed4863.min.js.br:53
[   12940ms] [INFO] [PrototypeLib] Booting... (emscripten version 4.0.21) @ https://www.figma.com/webpack-artifacts/assets/vendor-core-1e0448b648ed4863.min.js.br:53
[   13232ms] [INFO] [GPU] graphicsAPI:"WebGL 2", vendor:"Google Inc. (Intel)", renderer:"ANGLE (Intel, Intel(R) Iris(R) Xe Graphics (0x00009A49) Direct3D11 vs_5_0 ps_5_0, D3D11)" version:"OpenGL ES 2.0 (WebGL 2.0 (OpenGL ES 3.0 Chromium))" @ https://www.figma.com/webpack-artifacts/assets/vendor-core-1e0448b648ed4863.min.js.br:53
[   16806ms] [INFO] [Sprigma] Sprig SDK is ready @ https://www.figma.com/webpack-artifacts/assets/vendor-core-1e0448b648ed4863.min.js.br:53
[  169302ms] [LOG] Running frontend commit 81855c2bc7c604648169c4e4333f43579bfa7464 @ https://www.figma.com/proto/HeUb9TGlKXx6zr8HdPYzHf/%E8%82%A1%E7%A5%A8WEB%E7%9B%91%E6%8E%A7%E7%B3%BB%E7%BB%9F-%E4%BB%AA%E8%A1%A8%E7%9B%98%E8%AE%BE%E8%AE%A1?node-id=0-1&p=f&t=53KzgbicFS3clnbQ-0&scaling=min-zoom&content-scaling=fixed&page-id=0%3A1&fuid=1667781237961141581:555
[  172049ms] [WARNING] Statsig is not ready to log exposures, will retry in 1 seconds @ https://www.figma.com/webpack-artifacts/assets/vendor-core-1e0448b648ed4863.min.js.br:53
[  172453ms] [LOG] [import] git: 6490a5e42b11fc20d484172234d4cffcc0abd7e8, stamp: 112477F7236E11E5 @ https://www.figma.com/webpack-artifacts/assets/vendor-core-1e0448b648ed4863.min.js.br:53
[  172735ms] [ERROR] Failed to load resource: the server responded with a status of 403 (Forbidden) @ https://browser-intake-datadoghq.com/api/v2/rum:0
[  174189ms] [INFO] [PrototypeLib] Booting... (emscripten version 4.0.21) @ https://www.figma.com/webpack-artifacts/assets/vendor-core-1e0448b648ed4863.min.js.br:53
[  174231ms] [INFO] [GPU] graphicsAPI:"WebGL 2", vendor:"Google Inc. (Intel)", renderer:"ANGLE (Intel, Intel(R) Iris(R) Xe Graphics (0x00009A49) Direct3D11 vs_5_0 ps_5_0, D3D11)" version:"OpenGL ES 2.0 (WebGL 2.0 (OpenGL ES 3.0 Chromium))" @ https://www.figma.com/webpack-artifacts/assets/vendor-core-1e0448b648ed4863.min.js.br:53
[  177867ms] [INFO] [Sprigma] Sprig SDK is ready @ https://www.figma.com/webpack-artifacts/assets/vendor-core-1e0448b648ed4863.min.js.br:53
[  417466ms] [LOG] Running frontend commit 81855c2bc7c604648169c4e4333f43579bfa7464 @ https://www.figma.com/proto/HeUb9TGlKXx6zr8HdPYzHf/%E8%82%A1%E7%A5%A8WEB%E7%9B%91%E6%8E%A7%E7%B3%BB%E7%BB%9F-%E4%BB%AA%E8%A1%A8%E7%9B%98%E8%AE%BE%E8%AE%A1?node-id=0-1&p=f&t=53KzgbicFS3clnbQ-0&scaling=min-zoom&content-scaling=fixed&page-id=0%3A1:555
[  418537ms] [WARNING] Statsig is not ready to log exposures, will retry in 1 seconds @ https://www.figma.com/webpack-artifacts/assets/vendor-core-1e0448b648ed4863.min.js.br:53
[  418538ms] [ERROR] Failed to load resource: the server responded with a status of 403 (Forbidden) @ https://browser-intake-datadoghq.com/api/v2/rum:0
[  418796ms] [LOG] [import] git: 6490a5e42b11fc20d484172234d4cffcc0abd7e8, stamp: 112477F7236E11E5 @ https://www.figma.com/webpack-artifacts/assets/vendor-core-1e0448b648ed4863.min.js.br:53
[  419315ms] [INFO] [PrototypeLib] Booting... (emscripten version 4.0.21) @ https://www.figma.com/webpack-artifacts/assets/vendor-core-1e0448b648ed4863.min.js.br:53
[  419346ms] [INFO] [GPU] graphicsAPI:"WebGL 2", vendor:"Google Inc. (Intel)", renderer:"ANGLE (Intel, Intel(R) Iris(R) Xe Graphics (0x00009A49) Direct3D11 vs_5_0 ps_5_0, D3D11)" version:"OpenGL ES 2.0 (WebGL 2.0 (OpenGL ES 3.0 Chromium))" @ https://www.figma.com/webpack-artifacts/assets/vendor-core-1e0448b648ed4863.min.js.br:53
[  421814ms] [INFO] [Sprigma] Sprig SDK is ready @ https://www.figma.com/webpack-artifacts/assets/vendor-core-1e0448b648ed4863.min.js.br:53
